[2026-09-24T01:01:53.842Z] GET http://localhost:4917/ → 200 (11ms, 103489B)
[2026-09-24T01:01:53.857Z] GET http://localhost:4917/_next/static/media/21ca8f3f56c22ca2.p.158762cf.woff2 → 200 (8ms, 90096B)
[2026-09-24T01:01:53.857Z] GET http://localhost:4917/_next/static/chunks/2dd09b6bf1657074.css → 200 (4ms, 6311B)
[2026-09-24T01:01:53.857Z] GET http://localhost:4917/_next/static/chunks/cd14599dc26e979b.css → 200 (4ms, 23194B)
[2026-09-24T01:01:53.857Z] GET http://localhost:4917/_next/static/chunks/fe05f79d03cc9274.js → 200 (8ms, 13280B)
[2026-09-24T01:01:53.857Z] GET http://localhost:4917/_next/static/chunks/806bdb8e4a6a9b95.js → 200 (9ms, 38872B)
[2026-09-24T01:01:53.857Z] GET http://localhost:4917/_next/static/chunks/2378da1e627371ff.js → 200 (49ms, 121963B)
[2026-09-24T01:01:53.857Z] GET http://localhost:4917/_next/static/chunks/f2f58a7e93290fbb.js → 200 (50ms, 224636B)
[2026-09-24T01:01:53.857Z] GET http://localhost:4917/_next/static/chunks/turbopack-30db00e9953779c4.js → 200 (47ms, 10232B)
[2026-09-24T01:01:53.857Z] GET http://localhost:4917/_next/static/chunks/5f97756f2ef1a8d2.js → 200 (11ms, 4251B)
[2026-09-24T01:01:53.857Z] GET http://localhost:4917/_next/static/chunks/ff1a16fafef87110.js → 200 (10ms, 282B)
[2026-09-24T01:01:53.857Z] GET http://localhost:4917/_next/static/chunks/d2be314c3ece3fbe.js → 200 (50ms, 30681B)
[2026-09-24T01:01:53.857Z] GET http://localhost:4917/_next/static/chunks/4986d5d4cb35ec53.js → 200 (50ms, 53299B)
[2026-09-24T01:01:53.877Z] GET http://localhost:4917/_next/static/media/37f34e4fcce0f2d4.8b8a2c36.woff2 → 200 (26ms, 3528B)
[2026-09-24T01:01:53.877Z] GET http://localhost:4917/_next/static/media/f06bf9da926bae75.c68a79fb.woff2 → 200 (27ms, 29904B)
[2026-09-24T01:01:53.877Z] GET http://localhost:4917/_next/static/media/8ec783ae88469012.8e801336.woff2 → 200 (27ms, 3208B)
[2026-09-24T01:01:53.952Z] HEAD http://localhost:4917/ → 200 (2ms, ?B)
[2026-09-24T01:01:53.954Z] GET http://localhost:4917/__next._tree.txt?_rsc=1r34m → 200 (6ms, 513B)
[2026-09-24T01:01:53.961Z] GET http://localhost:4917/__next._head.txt?_rsc=1pn8p → 200 (4ms, 4396B)
[2026-09-24T01:01:53.962Z] GET http://localhost:4917/__next._index.txt?_rsc=nn07o → 200 (3ms, 2235B)
[2026-09-24T01:01:53.962Z] GET http://localhost:4917/__next.__PAGE__.txt?_rsc=ivliq → 200 (4ms, 46004B)
[2026-09-24T01:01:56.672Z] GET http://localhost:4917/ → 200 (1ms, 103489B)
[2026-09-24T01:01:56.675Z] GET http://localhost:4917/_next/static/media/21ca8f3f56c22ca2.p.158762cf.woff2 → 304 (2ms, ?B)
[2026-09-24T01:01:56.676Z] GET http://localhost:4917/_next/static/chunks/2dd09b6bf1657074.css → 304 (1ms, ?B)
[2026-09-24T01:01:56.676Z] GET http://localhost:4917/_next/static/chunks/cd14599dc26e979b.css → 304 (2ms, ?B)
[2026-09-24T01:01:56.676Z] GET http://localhost:4917/_next/static/chunks/fe05f79d03cc9274.js → 304 (4ms, ?B)
[2026-09-24T01:01:56.676Z] GET http://localhost:4917/_next/static/chunks/806bdb8e4a6a9b95.js → 304 (4ms, ?B)
[2026-09-24T01:01:56.676Z] GET http://localhost:4917/_next/static/chunks/2378da1e627371ff.js → 304 (5ms, ?B)
[2026-09-24T01:01:56.676Z] GET http://localhost:4917/_next/static/chunks/f2f58a7e93290fbb.js → 304 (5ms, ?B)
[2026-09-24T01:01:56.676Z] GET http://localhost:4917/_next/static/chunks/turbopack-30db00e9953779c4.js → 304 (5ms, ?B)
[2026-09-24T01:01:56.677Z] GET http://localhost:4917/_next/static/chunks/5f97756f2ef1a8d2.js → 304 (4ms, ?B)
[2026-09-24T01:01:56.677Z] GET http://localhost:4917/_next/static/chunks/ff1a16fafef87110.js → 304 (4ms, ?B)
[2026-09-24T01:01:56.677Z] GET http://localhost:4917/_next/static/chunks/d2be314c3ece3fbe.js → 304 (5ms, ?B)
[2026-09-24T01:01:56.677Z] GET http://localhost:4917/_next/static/chunks/4986d5d4cb35ec53.js → 304 (5ms, ?B)
[2026-09-24T01:01:56.679Z] GET http://localhost:4917/_next/static/media/f06bf9da926bae75.c68a79fb.woff2 → 200 (?ms, ?B)
[2026-09-24T01:01:56.679Z] GET http://localhost:4917/_next/static/media/37f34e4fcce0f2d4.8b8a2c36.woff2 → 200 (?ms, ?B)
[2026-09-24T01:01:56.680Z] GET http://localhost:4917/_next/static/media/8ec783ae88469012.8e801336.woff2 → 200 (?ms, ?B)
